Hardware: {
  "host": "jetsonthor",
  "machine": "aarch64",
  "kernel": "6.8.12-tegra",
  "soc": "tegra264",
  "devicetree_compatible": [
    "nvidia,p4071-0000+p3834-0008",
    "nvidia,p3834-0008",
    "nvidia,tegra264"
  ],
  "is_jetson": true,
  "l4t_release": "# R38 (release), REVISION: 4.0, GCID: 43443517, BOARD: generic, EABI: aarch64, DATE: Wed Dec 31 00:15:19 UTC 2025",
  "nvpmodel": "NV Power Mode: 120W 1",
  "cpu_count": 14,
  "mem_total_gb": 122.82,
  "loadavg_1m_at_start": 0.0986328125,
  "loadavg_5m_at_start": 0.1953125,
  "python": "3.12.3",
  "onnxruntime": "1.29.0",
  "numpy": "2.5.3",
  "available_providers": [
    "CUDAExecutionProvider",
    "CPUExecutionProvider"
  ],
  "git_sha": null,
  "benchmark_started_at": "2026-09-16T06:04:02.761229+00:00"
}

Idle baseline: sampling 60s before load

============================================================
Benchmarking: detector (gbm_detector.onnx) input (1, 57)
  Execution provider: CPUExecutionProvider
  Single-inference p50: 0.0092 ms

  Tier 1000 events/s for 120s
    ... 60001 samples, 60s elapsed
    n=120001 actual=1000.0 ev/s p50=0.0215 p95=0.0223 p99=0.0269 ms misses=5

============================================================
Benchmarking: forecaster (ar_forecaster.onnx) input (1, 20, 57)
2026-09-16 01:07:02.871281953 [W:onnxruntime:, graph.cc:5583 CleanUnusedInitializersAndNodeArgs] Removing initializer 'axis2'. It is not used by any node and should be removed from the model.
2026-09-16 01:07:02.871372509 [W:onnxruntime:, graph.cc:5583 CleanUnusedInitializersAndNodeArgs] Removing initializer 'minus1'. It is not used by any node and should be removed from the model.
  Execution provider: CPUExecutionProvider
  Single-inference p50: 0.0238 ms

  Tier 1000 events/s for 120s
    ... 60001 samples, 60s elapsed
    n=120001 actual=1000.0 ev/s p50=0.036 p95=0.0372 p99=0.0411 ms misses=12

Idle baseline: sampling 60s after load

Wrote reports/thor_threads_isolation/run05_B.json
Gates: {"detector_p95_latency_ms": "pass", "forecaster_p95_latency_ms": "pass", "throughput_at_1000_rps": "pass", "memory_footprint_gb": "pass"}
